MPASM  5.51                        BASICO.ASM   11-18-2019  16:47:50         PAGE  1


LOC  OBJECT CODE     LINE SOURCE TEXT
  VALUE

                      00001 ;------------------------------------------------------------------------------
                      00002 ;   CABEÇALHO PROGRAMA ASSEMBLY
                      00003 ;------------------------------------------------------------------------------
                      00004 ;   AUTOR:
                      00005 ;   DATA:
                      00006 ;   CONTROLE DE REVISÕES:
                      00007 ;------------------------------------------------------------------------------
                      00008 #INCLUDE <P16F877A.INC>
                      00001         LIST
                      00002 
                      00003 ;==========================================================================
                      00004 ;  MPASM PIC16F877A processor include
                      00005 ; 
                      00006 ;  (c) Copyright 1999-2013 Microchip Technology, All rights reserved
                      00007 ;==========================================================================
                      00008 
                      00566         LIST
                      00009 ;------------------------------------------------------------------------------
                      00010 ;   BITS DE CONFIGURAÇÃO
                      00011 ;------------------------------------------------------------------------------
                      00012 ;   CONFIG
                      00013 ; __config 0xFF79
2007   3F71           00014  __CONFIG _FOSC_XT & _WDTE_OFF & _PWRTE_ON & _BOREN_ON & _LVP_OFF & _CPD_OFF & _WRT_OFF & _CP_OFF
                      00015 ; FOSC  - Seleção tipo oscilador.
                      00016 ; WDTE  - Watchdog timer.
                      00017 ; PWRTE - Power on timer (72ms após energização).
                      00018 ; BOREN - Brown-out enable, proteção contra baixa tensão.
                      00019 ; LVP   - Low voltage programming.
                      00020 ; CPD   - Code protect da EEPROM.
                      00021 ; WRT   - Write protection da memória flash.
                      00022 ; CP    - Code protect memória de programa.
                      00023 
Warning[205]: Found directive in column 1. (__IDLOCS)
2000   0001 0002 0003 00024 __IDLOCS H'1234'
       0004 
                      00025 ;------------------------------------------------------------------------------
                      00026 ;   PAGINAÇÃO DE MEMÓRIA (MACROS)
                      00027 ;------------------------------------------------------------------------------
                      00028 BANK0   MACRO
                      00029             BCF     STATUS,RP0
                      00030             BCF     STATUS,RP1
                      00031         ENDM
                      00032 
                      00033 BANK1   MACRO
                      00034             BSF     STATUS,RP0
                      00035             BCF     STATUS,RP1
                      00036         ENDM
                      00037 
                      00038 BANK2   MACRO
                      00039             BCF     STATUS,RP0
                      00040             BSF     STATUS,RP1
                      00041         ENDM
                      00042 
MPASM  5.51                        BASICO.ASM   11-18-2019  16:47:50         PAGE  2


LOC  OBJECT CODE     LINE SOURCE TEXT
  VALUE

                      00043 BANK3   MACRO
                      00044             BSF     STATUS,RP0
                      00045             BSF     STATUS,RP1
                      00046         ENDM
                      00047 ;ESCRITA EEPROM
Warning[205]: Found directive in column 1. (ORG)
                      00048 ORG H'2100'
Warning[205]: Found directive in column 1. (DE)
2100   0000 0001 0002 00049 DE  .0,.1,.2,.3,.4,.15,.6,.7,.8,.9,.11
       0003 0004 000F 
       0006 0007 0008 
       0009 000B 
                      00050 
                      00051 ;------------------------------------------------------------------------------
                      00052 ;   VARIÁVEIS
                      00053 ;------------------------------------------------------------------------------
                      00054     CBLOCK 0X20
  00000020            00055         FLAG
  00000021            00056         DEBOUNCE_BT1
  00000022            00057         COUNT
  00000023            00058         SERIAL
  00000024            00059         TEMP
  00000025            00060         COMP
  00000026            00061         RESULTADO_ALTO
  00000027            00062         RESULTADO_BAIXO
  00000028            00063         NUM_A
  00000029            00064         NUM_B
  0000002A            00065         COUNT_SUB
  0000002B            00066         COMP_2
  0000002C            00067         ACCaLO
  0000002D            00068         ACCaHI
  0000002E            00069         ACCbLO
  0000002F            00070         ACCbHI
  00000030            00071         ACCcLO
  00000031            00072         ACCcHI
  00000032            00073         ACCdLO
  00000033            00074         ACCdHI
  00000034            00075         mulplr
  00000035            00076         mulcnd
  00000036            00077         H_byte
  00000037            00078         L_byte
  00000038            00079                 DADO
  00000039            00080                 ENDERECO
  0000003A            00081                 n1
  0000003B            00082                 n2
  0000003C            00083                 A
                      00084     ENDC
Warning[207]: Found label after column 1. (STATUS_TEMP)
  00000070            00085         STATUS_TEMP     EQU     0X70
Warning[207]: Found label after column 1. (W_TEMP)
  00000071            00086         W_TEMP          EQU     0X71
Warning[207]: Found label after column 1. (PCLATH_TEMP)
  00000072            00087         PCLATH_TEMP     EQU     0X72
MPASM  5.51                        BASICO.ASM   11-18-2019  16:47:50         PAGE  3


LOC  OBJECT CODE     LINE SOURCE TEXT
  VALUE

                      00088 ;   OUTRA FORMA DE ALOCAR VARIÁVEIS NA MEMÓRIA
                      00089 ;        DEBOUNCE_BT1      EQU     0X20
                      00090 ;        COUNT             EQU     0X21
                      00091 ;        FLAGS             EQU     0X22
                      00092 ;------------------------------------------------------------------------------
                      00093 ;   CONSTANTES
                      00094 ;------------------------------------------------------------------------------
                      00095 ;   CONSTANTES UTILIZADAS PELO SISTEMA
Warning[207]: Found label after column 1. (CONSTANTE_1)
  00000083            00096         CONSTANTE_1   EQU .131
Warning[207]: Found label after column 1. (CONSTANTE_2)
  0000007D            00097         CONSTANTE_2   EQU .125
Warning[207]: Found label after column 1. (CONSTANTE_3)
  0000000A            00098         CONSTANTE_3   EQU .10
                      00099 ;------------------------------------------------------------------------------
                      00100 ;   ENTRADAS
                      00101 ;------------------------------------------------------------------------------
                      00102 ;   PINOS QUE SERÃO UTILIZADOS COMO ENTRADA
                      00103 #DEFINE BOTAO1  PORTB,2
                      00104 ;------------------------------------------------------------------------------
                      00105 ;   SAÍDA
                      00106 ;------------------------------------------------------------------------------
                      00107 ;   PINOS QUE SERÃO UTILIZADOS COMO SAÍDA
                      00108 #DEFINE LED1    PORTB,0
                      00109 #DEFINE LED2    PORTB,1
                      00110 ;------------------------------------------------------------------------------
                      00111 ;   VETOR DE RESET
                      00112 ;------------------------------------------------------------------------------
                      00113     ORG 0x00    ;ENDEREÇO INICIAL DE PROCESSAMENTO
0000   2???           00114     GOTO INICIO
                      00115 ;------------------------------------------------------------------------------
                      00116 ;   INTERRUPÇÃO
                      00117 ;------------------------------------------------------------------------------
                      00118 ; AS INTERRUPÇÕES NÃO SERÃO UTILIZADAS
                      00119     ORG 0X04    ;ENDEREÇO INICIAL DA INTERRUPÇÃO
                      00120 ; SALVAR O CONTEUDO DOS REGISTRADORES WORK E STATUS
0004   138B           00121     BCF     INTCON,GIE
0005                  00122 SALVA_REGS
0005   00F1           00123     MOVWF W_TEMP            ;COPIA W PARA W_TEMP
0006   0E03           00124     SWAPF STATUS,W          ;SWAP STATUS PARA SER SALVO EM STATUS_TEMP
                      00125     BANK0
0007   1283               M             BCF     STATUS,RP0
0008   1303               M             BCF     STATUS,RP1
0009   00F0           00126     MOVWF STATUS_TEMP       ;SALVA O STATUS, PARA STATUS TEMPO NO BANK0
000A   080A           00127     MOVF PCLATH, W          ;SOMENTE REQUERIDO SE ESTIVER UTILIZANDO BANCO 1,2 E/OU 3
000B   00F2           00128     MOVWF PCLATH_TEMP       ;SALVA PCLATH_TEMP
000C   018A           00129     CLRF PCLATH             ;PÁGINA 0, INDEPENDENTE DA PÁGINA ATUAL
                      00130 ;-------------------------------------------------------------------------------
                      00131 ; TRATAMENTO DAS INTERRUPÇÕES
000D   180C           00132     BTFSC   PIR1,TMR1IF     ;INTERRUPÇÃO DE ESTOURO DE TMR1?
000E   2???           00133     GOTO    TRATA_TMR1      ;SIM, DESVIA
000F   1A0C           00134     BTFSC   PIR1,EEIF       ;NÃO, INTERRUPÇÃO DE FIM DE ESCRITA NA EEPROM?
0010   2???           00135     GOTO    TRATA_EEPROM
MPASM  5.51                        BASICO.ASM   11-18-2019  16:47:50         PAGE  4


LOC  OBJECT CODE     LINE SOURCE TEXT
  VALUE

0011   2???           00136     GOTO    RESGATA_REGS
                      00137 ;-------------------------------------------------------------------------------
                      00138 ; ROTINA TRATAMENTO DE INTERRUPÇÃO POR ESTOURO TMR1   
0012                  00139 TRATA_TMR1
0012   100C           00140     BCF     PIR1,TMR1IF     ;APAGA FLAG DE SINALIZAÇÃO DE ESTOURO DO TMR1
0013   30DC           00141     MOVLW   H'DC'
0014   008E           00142     MOVWF   TMR1L
0015   300B           00143     MOVLW   H'0B'
0016   008F           00144     MOVWF   TMR1H
0017   14A0           00145     BSF     FLAG,1
                      00146 
0018   2???           00147     GOTO    RESGATA_REGS   ;RESGATA REGISTRADORES E RETORNA
                      00148 
0019   0009           00149     RETFIE      ;RETORNA DA INTERRUPÇÃO
                      00150 ;-------------------------------------------------------------------------------
                      00151 ; ROTINA TRATAMENTO DE INTERRUPÇÃO FIM DE ESCRITA NA EEPROM
001A   120C           00152     BCF     PIR1,EEIF       ;APAGA FLAG DE SINALIZAÇÃO FIM DE ESCRITA NA EEPROM
001B                  00153 TRATA_EEPROM
                      00154     ;ROTINA
                      00155 
001B   2???           00156     GOTO    RESGATA_REGS   ;REGASTA REGISTRADORES E RETORNA
                      00157 ;-------------------------------------------------------------------------------
                      00158 ; RESGATA CONTEUDO DOS REGISTRADORES WORK E STATUS
001C                  00159 RESGATA_REGS
001C   0872           00160     MOVF PCLATH_TEMP, W     ;RESTAURA PCLATH
001D   008A           00161     MOVWF PCLATH            ;MOVE W PARA PCLATH
001E   0E70           00162     SWAPF STATUS_TEMP,W     ;SWAP STATUS_TEMP E GUARDA NO W
001F   0083           00163     MOVWF STATUS            ;MOVE W PARA O STATUS
0020   0EF1           00164     SWAPF W_TEMP,F          ;SWAP W_TEMP
0021   0E71           00165     SWAPF W_TEMP,W          ;SWAP W_TEMP E RETORNA SEU VALOR PARA W
0022   178B           00166     BSF   INTCON,GIE
0023   0009           00167     RETFIE                  ;RETORNA DA INTERRUPÇÃO
                      00168 ;-----------------------------------------------------------------------------
                      00169 ; INÍCIO
                      00170 ;-----------------------------------------------------------------------------
0024                  00171 INICIO
                      00172     BANK1
0024   1683               M             BSF     STATUS,RP0
0025   1303               M             BCF     STATUS,RP1
0026   3010           00173     MOVLW   0b00000010
Message[302]: Register in operand not in bank 0.  Ensure that bank bits are correct.
0027   0085           00174     MOVWF   TRISA
                      00175 
0028   3004           00176     MOVLW   B'00000100'
Message[302]: Register in operand not in bank 0.  Ensure that bank bits are correct.
0029   0086           00177     MOVWF   TRISB
                      00178 
002A   3000           00179     MOVLW   B'00000000'
Message[302]: Register in operand not in bank 0.  Ensure that bank bits are correct.
002B   0087           00180     MOVWF   TRISC
                      00181 
002C   3000           00182     MOVLW   B'00000000'
Message[302]: Register in operand not in bank 0.  Ensure that bank bits are correct.
MPASM  5.51                        BASICO.ASM   11-18-2019  16:47:50         PAGE  5


LOC  OBJECT CODE     LINE SOURCE TEXT
  VALUE

002D   0088           00183     MOVWF   TRISD
                      00184 
002E   3084           00185     MOVLW   B'10000100'
Message[302]: Register in operand not in bank 0.  Ensure that bank bits are correct.
002F   0081           00186     MOVWF   OPTION_REG
                      00187 
0030   3000           00188     MOVLW   B'00000000'
0031   008B           00189     MOVWF   INTCON
                      00190 
0032   3001           00191     MOVLW   B'00000001'
Message[302]: Register in operand not in bank 0.  Ensure that bank bits are correct.
0033   008C           00192     MOVWF   PIE1
                      00193     BANK0
0034   1283               M             BCF     STATUS,RP0
0035   1303               M             BCF     STATUS,RP1
0036   3007           00194     MOVLW   B'00000111'
Message[302]: Register in operand not in bank 0.  Ensure that bank bits are correct.
0037   009C           00195     MOVWF   CMCON
                      00196 
0038   3031           00197     MOVLW   B'00110001'
0039   0090           00198     MOVWF   T1CON
                      00199 
                      00200 ;-----------------------------------------------------------------------------
                      00201 ; INICIALIZAÇÃO DE VARIÁVEIS
                      00202 ;-----------------------------------------------------------------------------
003A   0185           00203     CLRF    PORTA
003B   0186           00204     CLRF    PORTB
003C   3092           00205     MOVLW   b'10010010'
003D   00A3           00206     MOVWF   SERIAL
003E   300A           00207     MOVLW   .10
003F   00A5           00208     MOVWF   COMP
0040   3089           00209     MOVLW   b'10001001'
0041   00A8           00210     MOVWF   NUM_A
0042   3009           00211     MOVLW   b'00001001'
0043   00A9           00212     MOVWF   NUM_B
0044   300F           00213     MOVLW   .15
0045   00AA           00214     MOVWF   COUNT_SUB
0046   300A           00215     MOVLW   .10
0047   00AB           00216     MOVWF   COMP_2
0048   3000           00217     MOVLW   B'00000000'
0049   00A0           00218     MOVWF   FLAG
                      00219 ;------------------------------------------------------------------------------
                      00220 ; ROTINA PRINCIPAL
                      00221 ;------------------------------------------------------------------------------
004A                  00222 MAIN
                      00223 
                      00224 ;       BTFSC   PORTB,2
                      00225 ;       GOTO    $-1
                      00226 
                      00227 ;       CALL    DELAY_TMR1
                      00228 
                      00229 ;       BCF             LED1
                      00230 
MPASM  5.51                        BASICO.ASM   11-18-2019  16:47:50         PAGE  6


LOC  OBJECT CODE     LINE SOURCE TEXT
  VALUE

                      00231 ;       CALL    DELAY_TMR1
                      00232 
                      00233 ;       BSF     LED1
                      00234         
                      00235 ;       MOVLW   0X05            ;DA O ENDEREÇO
                      00236 ;       CALL    LE_EEPROM
                      00237 
                      00238 ;       NOP
                      00239 
                      00240 ;       MOVLW   0X05
                      00241 ;       MOVWF   ENDERECO
                      00242 ;       MOVLW   0XAA
                      00243 ;       MOVWF   DADO
                      00244         
                      00245 ;       CALL    ESCREVE_EEPROM
                      00246 ;       MOVLW   .10
                      00247 ;       MOVWF   n2
                      00248 ;       MOVLW   .5
                      00249 ;       MOVWF   n1
                      00250 ;       MOVF    n2,w
                      00251 ;       SUBWF   n1,w
                      00252 ;       BTFSC   STATUS,Z
                      00253 ;       GOTO    n1IGUALn2
                      00254 ;       BTFSC   STATUS,C
                      00255 ;       GOTO    n1MAIORn2
                      00256 ;       GOTO    n1MENORn2
                      00257 
                      00258 ;       n1MAIORn2
                      00259 ;       n1IGUALn2
                      00260 ;       n1MENORn2
                      00261         
004A   300C           00262         MOVLW .12
004B   00BC           00263         MOVWF A
004C   300A           00264         MOVLW .10
004D   023C           00265         SUBWF A,W
004E   1C03           00266         BTFSS STATUS,C
004F   2???           00267         GOTO IGUAL_1
0050   1D03           00268         BTFSS STATUS,Z
0051   2???           00269         GOTO MAIOR_1
0052   2???           00270         GOTO MENOR_1
                      00271 
                      00272 
                      00273 
Warning[207]: Found label after column 1. (MAIOR_1)
0053                  00274         MAIOR_1
0053   2???           00275         GOTO    MAIN
                      00276 
Warning[207]: Found label after column 1. (MENOR_1)
0054                  00277         MENOR_1
0054   2???           00278         GOTO    MAIN
                      00279 
Warning[207]: Found label after column 1. (IGUAL_1)
0055                  00280         IGUAL_1
MPASM  5.51                        BASICO.ASM   11-18-2019  16:47:50         PAGE  7


LOC  OBJECT CODE     LINE SOURCE TEXT
  VALUE

0055   2???           00281         GOTO    MAIN
                      00282 
                      00283 
                      00284 ;       GOTO    MAIN
                      00285 ;------------------------------------------------------------------------------
                      00286 ; SUBROTINAS
                      00287 ;------------------------------------------------------------------------------
0056                  00288 SUB_COMP_2  ;COUNT_SUB - 35
0056   09AA           00289     COMF    COUNT_SUB,F
0057   0AAA           00290     INCF    COUNT_SUB,F
0058   3023           00291     MOVLW   .35
0059   07AA           00292     ADDWF   COUNT_SUB,F
005A   1803           00293     BTFSC   STATUS,C
005B   2???           00294     GOTO    RESULT_ZERO
005C                  00295 RESULT_POSITIVO
005C   09AA           00296     COMF    COUNT_SUB,F
005D   0AA2           00297     INCF    COUNT,F
005E   3401           00298     RETLW   .1
005F                  00299 RESULT_ZERO
005F   082A           00300     MOVF    COUNT_SUB,W
0060   1D03           00301     BTFSS   STATUS,Z
0061   2???           00302     GOTO    RESULT_NEGATIVO
0062   3400           00303     RETLW   .0
0063                  00304 RESULT_NEGATIVO
0063   3402           00305     RETLW   .2
                      00306 ;------------------------------------------------------------------------------
0064                  00307 SOMA_2_BYTES
0064   01A6           00308     CLRF    RESULTADO_ALTO
0065   0828           00309     MOVF    NUM_A,W
Warning[202]: Argument out of range.  Least significant bits used.
0066   0729           00310     ADDWF   NUM_B,2
0067   00A7           00311     MOVWF   RESULTADO_BAIXO
0068   1803           00312     BTFSC   STATUS,C
0069   2???           00313     GOTO    RESULT_9BITS
006A   0008           00314     RETURN
006B                  00315 RESULT_9BITS
Message[305]: Using default destination of 1 (file).
006B   0AA6           00316     INCF    RESULTADO_ALTO
006C   0008           00317     RETURN
                      00318 ;------------------------------------------------------------------------------
006D                  00319 GERA_PARIDADE_PAR
006D   3008           00320     MOVLW   .8
006E   00A2           00321     MOVWF   COUNT
006F   0823           00322     MOVF    SERIAL,W
0070   00A4           00323     MOVWF   TEMP
0071   0103           00324     CLRW
0072                  00325 LOOP
0072   1003           00326     BCF     STATUS,C
0073   0CA4           00327     RRF     TEMP,F
0074   1803           00328     BTFSC   STATUS,C
0075   2???           00329     GOTO    TESTA_W
0076   0BA2           00330     DECFSZ  COUNT,F
0077   2???           00331     GOTO    LOOP
MPASM  5.51                        BASICO.ASM   11-18-2019  16:47:50         PAGE  8


LOC  OBJECT CODE     LINE SOURCE TEXT
  VALUE

0078   0008           00332     RETURN
0079                  00333 TESTA_W
0079   3A01           00334     XORLW   .1
007A   0BA2           00335     DECFSZ  COUNT,F
007B   2???           00336     GOTO    LOOP
007C   0008           00337     RETURN
                      00338 ;-------------------------------------------------------------------------------
007D                  00339 COMPARA_VALOR_150
007D   0825           00340     MOVF    COMP,W
007E   3E6A           00341     ADDLW   .106
007F   1C03           00342     BTFSS   STATUS,C
0080   2???           00343     GOTO    MENOR
0081   1D03           00344     BTFSS   STATUS,Z
0082   2???           00345     GOTO    MAIOR
0083   2???           00346     GOTO    IGUAL
0084                  00347 MENOR
0084   0008           00348     RETURN
0085                  00349 MAIOR
0085   0008           00350     RETURN
0086                  00351 IGUAL
0086   0008           00352     RETURN
                      00353 ;-------------------------------------------------------------------------------
0087                  00354 COMPARA_VALOR_10
0087   300A           00355     MOVLW   .10
0088   022B           00356     SUBWF   COMP_2,W
0089   1C03           00357     BTFSS   STATUS,C
008A   3401           00358     RETLW   .1
008B   1D03           00359     BTFSS   STATUS,Z
008C   3402           00360     RETLW   .2
008D   3400           00361     RETLW   .0
                      00362 ;-------------------------------------------------------------------------------
008E                  00363 CONV_DISP
Warning[203]: Found opcode in column 1. (ADDWF)
008E   0782           00364 ADDWF   PCL,F
Warning[203]: Found opcode in column 1. (RETLW)
008F   343F           00365 RETLW   B'00111111' ;0
Warning[203]: Found opcode in column 1. (RETLW)
0090   3406           00366 RETLW   B'00000110' ;1
Warning[203]: Found opcode in column 1. (RETLW)
0091   345B           00367 RETLW   B'01011011' ;2
Warning[203]: Found opcode in column 1. (RETLW)
0092   344F           00368 RETLW   B'01001111' ;3
Warning[203]: Found opcode in column 1. (RETLW)
0093   3466           00369 RETLW   B'01100110' ;4
Warning[203]: Found opcode in column 1. (RETLW)
0094   346D           00370 RETLW   B'01101101' ;5
Warning[203]: Found opcode in column 1. (RETLW)
0095   347D           00371 RETLW   B'01111101' ;6
Warning[203]: Found opcode in column 1. (RETLW)
0096   3407           00372 RETLW   B'00000111' ;7
Warning[203]: Found opcode in column 1. (RETLW)
0097   347F           00373 RETLW   B'01111111' ;8
Warning[203]: Found opcode in column 1. (RETLW)
MPASM  5.51                        BASICO.ASM   11-18-2019  16:47:50         PAGE  9


LOC  OBJECT CODE     LINE SOURCE TEXT
  VALUE

0098   3467           00374 RETLW   B'01100111' ;9
Warning[203]: Found opcode in column 1. (RETLW)
0099   3477           00375 RETLW   B'01110111' ;A
Warning[203]: Found opcode in column 1. (RETLW)
009A   347C           00376 RETLW   B'01111100' ;B
Warning[203]: Found opcode in column 1. (RETLW)
009B   3439           00377 RETLW   B'00111001' ;C
Warning[203]: Found opcode in column 1. (RETLW)
009C   345E           00378 RETLW   B'01011110' ;D
Warning[203]: Found opcode in column 1. (RETLW)
009D   3479           00379 RETLW   B'01111001' ;E
Warning[203]: Found opcode in column 1. (RETLW)
009E   3471           00380 RETLW   B'01110001' ;F
                      00381 ;-------------------------------------------------------------------------------
009F                  00382 CONV_DISP_BCD
009F   0782           00383     ADDWF   PCL,F
Warning[203]: Found opcode in column 1. (RETLW)
00A0   3400           00384 RETLW   B'00000000' ;0
Warning[203]: Found opcode in column 1. (RETLW)
00A1   3401           00385 RETLW   B'00000001' ;1
Warning[203]: Found opcode in column 1. (RETLW)
00A2   3402           00386 RETLW   B'00000010' ;2
Warning[203]: Found opcode in column 1. (RETLW)
00A3   3403           00387 RETLW   B'00000011' ;3
Warning[203]: Found opcode in column 1. (RETLW)
00A4   3404           00388 RETLW   B'00000100' ;4
Warning[203]: Found opcode in column 1. (RETLW)
00A5   3405           00389 RETLW   B'00000101' ;5
Warning[203]: Found opcode in column 1. (RETLW)
00A6   3406           00390 RETLW   B'00000110' ;6
Warning[203]: Found opcode in column 1. (RETLW)
00A7   3407           00391 RETLW   B'00000111' ;7
Warning[203]: Found opcode in column 1. (RETLW)
00A8   3408           00392 RETLW   B'00001000' ;8
Warning[203]: Found opcode in column 1. (RETLW)
00A9   3409           00393 RETLW   B'00001001' ;9
                      00394 ;-------------------------------------------------------------------------------
00AA                  00395 DELAY
                      00396     BANK0
00AA   1283               M             BCF     STATUS,RP0
00AB   1303               M             BCF     STATUS,RP1
00AC   3014           00397     MOVLW   .20
00AD   00A2           00398     MOVWF   COUNT
00AE   3083           00399     MOVLW   .131
00AF   0081           00400     MOVWF   TMR0
00B0                  00401 DELAY_1
00B0   1D0B           00402     BTFSS   INTCON,T0IF
00B1   2???           00403     GOTO    $-1
00B2   110B           00404     BCF     INTCON,T0IF
00B3   3083           00405     MOVLW   .131
00B4   0081           00406     MOVWF   TMR0
00B5   0BA2           00407     DECFSZ  COUNT,F
00B6   2???           00408     GOTO    DELAY_1
MPASM  5.51                        BASICO.ASM   11-18-2019  16:47:50         PAGE 10


LOC  OBJECT CODE     LINE SOURCE TEXT
  VALUE

00B7   0008           00409     RETURN
                      00410 ;-------------------------------------------------------------------------------
00B8                  00411 DELAY_TMR1
                      00412     BANK0
00B8   1283               M             BCF     STATUS,RP0
00B9   1303               M             BCF     STATUS,RP1
00BA   30DC           00413     MOVLW   H'DC'
00BB   008E           00414     MOVWF   TMR1L
00BC   300B           00415     MOVLW   H'0B'
00BD   008F           00416     MOVWF   TMR1H
00BE   3001           00417     MOVLW   .1
00BF   00A2           00418     MOVWF   COUNT
00C0                  00419 DELAY_T
00C0   1CA0           00420     BTFSS   FLAG,1
00C1   2???           00421     GOTO    $-1
00C2   10A0           00422     BCF     FLAG,1
00C3   0BA2           00423     DECFSZ  COUNT,F
00C4   2???           00424     GOTO    DELAY_T
00C5   0008           00425     RETURN
                      00426 
                      00427 ;-------------------------------------------------------------------------------
                      00428 ;   ROTINA DE DIVISÃO
                      00429 ;-------------------------------------------------------------------------------
                      00430 ; DOUBLE PRECISION DIVISION
                      00431 ;-------------------------------------------------------------------------------
                      00432 
                      00433 ; DIVISION: ACCb(16 bits)/ACCa(16 bits) -> ACCb(16bits) with
                      00434 ; Remainder in ACCc(16bits)
                      00435 ;   (a) Load the Denominator in location ACCaHi & ACCaLO (16 bits)
                      00436 ;   (b) Load the Numerator in location ACCbHI & ACCBLO (16 bits)
                      00437 ;   (c) CALL D_dif
                      00438 ;   (d) The 16 bit result is in location ACCbHI & ACCbLO
                      00439 ;   (e) The 16 bit Remainder is in locations ACCcHI & ACCcLO
                      00440 ; VARIÁVEIS USADAS:
                      00441 ;   ACCaLO
                      00442 ;   ACCaHI
                      00443 ;   ACCbLO
                      00444 ;   ACCbHI
                      00445 ;   ACCcLO
                      00446 ;   ACCcHI
                      00447 ;   ACCdLO
                      00448 ;   ACCdHI
                      00449 ;   TEMP
                      00450 ;-------------------------------------------------------------------------------
00C6                  00451 D_divF
00C6   3010           00452     MOVLW   .16
00C7   00A4           00453     MOVWF   TEMP    ;CARREGA CONTADOR PARA DIVISÃO
                      00454 
00C8   082F           00455     MOVF    ACCbHI,W
00C9   00B3           00456     MOVWF   ACCdHI
00CA   082E           00457     MOVF    ACCbLO,W
00CB   00B2           00458     MOVWF   ACCdLO  ;SALVA ACCb EM ACCd
                      00459 
MPASM  5.51                        BASICO.ASM   11-18-2019  16:47:50         PAGE 11


LOC  OBJECT CODE     LINE SOURCE TEXT
  VALUE

00CC   01AF           00460     CLRF    ACCbHI
00CD   01AE           00461     CLRF    ACCbLO  ;LIMPA ACCb
                      00462 
00CE   01B1           00463     CLRF    ACCcHI
00CF   01B0           00464     CLRF    ACCcLO  ;LIMPA ACCc
                      00465 
00D0                  00466 DIV
00D0   1003           00467     BCF     STATUS,C
00D1   0DB2           00468     RLF     ACCdLO,F
00D2   0DB3           00469     RLF     ACCdHI,F
00D3   0DB0           00470     RLF     ACCcLO,F
00D4   0DB1           00471     RLF     ACCcHI,F
                      00472 
00D5   082D           00473     MOVF    ACCaHI,W
00D6   0231           00474     SUBWF   ACCcHI,W    ;VE SE A>C
00D7   1D03           00475     BTFSS   STATUS,Z
00D8   2???           00476     GOTO    NOCHK
00D9   082C           00477     MOVF    ACCaLO,W
00DA   0230           00478     SUBWF   ACCcLO,W    ;SE MSB IGUAL ENTÃO CHECA LSB
Warning[207]: Found label after column 1. (NOCHK)
00DB                  00479  NOCHK
00DB   1C03           00480     BTFSS   STATUS,C    ;CARRY = 1 SE C>A
00DC   2???           00481     GOTO    NOGO
00DD   082C           00482     MOVF    ACCaLO,W    ;C-A = C
00DE   02B0           00483     SUBWF   ACCcLO,F
00DF   1C03           00484     BTFSS   STATUS,C
00E0   03B1           00485     DECF    ACCcHI,F
00E1   082D           00486     MOVF    ACCaHI,W
00E2   1403           00487     BSF     STATUS,C
00E3                  00488 NOGO
00E3   0DAE           00489     RLF     ACCbLO,F
00E4   0DAF           00490     RLF     ACCbHI,F
                      00491 
00E5   0BA4           00492     DECFSZ  TEMP,F      ;FIM DA DIVISÃO?
00E6   2???           00493     GOTO    DIV         ;NÃO - VOLTA P/ DIV
                      00494                         ;SIM
00E7   0008           00495     RETURN              ;RETORNA
                      00496 ;-------------------------------------------------------------------------------
                      00497 ;   ROTINA DE MULTIPLICAÇÃO
                      00498 ;-------------------------------------------------------------------------------
                      00499 ; 8X8 SOFTWARE MULTIPLIER
                      00500 ; (FAST VERSION: STRAIGHT LINE CODE)
                      00501 ;-------------------------------------------------------------------------------
                      00502 ;
                      00503 ; The 16 bit result is stored in 2 bytes
                      00504 ; Before calling the subroutine "mpy", the multiplier should
                      00505 ; be loaded in location "mulplr", and the multiplicand in
                      00506 ; "mulcnd". The 16 bit result is stored in locations
                      00507 ; H_byte & L_byte.
                      00508 ;   VARIÁVEIS USADAS:
                      00509 ;   mulplr
                      00510 ;   mulcnd
                      00511 ;   H_byte
MPASM  5.51                        BASICO.ASM   11-18-2019  16:47:50         PAGE 12


LOC  OBJECT CODE     LINE SOURCE TEXT
  VALUE

                      00512 ;   L_byte
                      00513 
                      00514 ; Performance:
                      00515 ; Program memory: 37 locations
                      00516 ; # of cycles: 38
                      00517 ; Scratch RAM: 0 locations
                      00518 ;-------------------------------------------------------------------------------
                      00519 ; Define a macro for adding & right shifting
                      00520 ;-------------------------------------------------------------------------------
                      00521 
                      00522 mult    MACRO   bit ;Begin macro
                      00523     BTFSC   mulplr,bit
                      00524     ADDWF   H_byte,F
                      00525     RRF     H_byte,F
                      00526     RRF     L_byte,F
Warning[205]: Found directive in column 1. (ENDM)
                      00527 ENDM                ;End of macro
                      00528 
                      00529 ; Begin Multiplier Routine
00E8                  00530 mpy_F
00E8   01B6           00531     CLRF    H_byte
00E9   01B7           00532     CLRF    L_byte
00EA   0835           00533     MOVF    mulcnd,W    ; Move o multiplicando para W
00EB   1003           00534     BCF     STATUS,C    ; Limpa o bit carry
                      00535 
                      00536     mult    0
00EC   1834               M     BTFSC   mulplr,0
00ED   07B6               M     ADDWF   H_byte,F
00EE   0CB6               M     RRF     H_byte,F
00EF   0CB7               M     RRF     L_byte,F
                      00537     mult    1
00F0   18B4               M     BTFSC   mulplr,1
00F1   07B6               M     ADDWF   H_byte,F
00F2   0CB6               M     RRF     H_byte,F
00F3   0CB7               M     RRF     L_byte,F
                      00538     mult    2
00F4   1934               M     BTFSC   mulplr,2
00F5   07B6               M     ADDWF   H_byte,F
00F6   0CB6               M     RRF     H_byte,F
00F7   0CB7               M     RRF     L_byte,F
                      00539     mult    3
00F8   19B4               M     BTFSC   mulplr,3
00F9   07B6               M     ADDWF   H_byte,F
00FA   0CB6               M     RRF     H_byte,F
00FB   0CB7               M     RRF     L_byte,F
                      00540     mult    4
00FC   1A34               M     BTFSC   mulplr,4
00FD   07B6               M     ADDWF   H_byte,F
00FE   0CB6               M     RRF     H_byte,F
00FF   0CB7               M     RRF     L_byte,F
                      00541     mult    5
0100   1AB4               M     BTFSC   mulplr,5
0101   07B6               M     ADDWF   H_byte,F
MPASM  5.51                        BASICO.ASM   11-18-2019  16:47:50         PAGE 13


LOC  OBJECT CODE     LINE SOURCE TEXT
  VALUE

0102   0CB6               M     RRF     H_byte,F
0103   0CB7               M     RRF     L_byte,F
                      00542     mult    6
0104   1B34               M     BTFSC   mulplr,6
0105   07B6               M     ADDWF   H_byte,F
0106   0CB6               M     RRF     H_byte,F
0107   0CB7               M     RRF     L_byte,F
                      00543     mult    7
0108   1BB4               M     BTFSC   mulplr,7
0109   07B6               M     ADDWF   H_byte,F
010A   0CB6               M     RRF     H_byte,F
010B   0CB7               M     RRF     L_byte,F
                      00544 
Warning[203]: Found opcode in column 1. (RETURN)
010C   0008           00545 RETURN
                      00546 
010D                  00547 LE_EEPROM
Warning[206]: Found call to macro in column 1. (BANK2)
                      00548 BANK2
010D   1283               M             BCF     STATUS,RP0
010E   1703               M             BSF     STATUS,RP1
Warning[203]: Found opcode in column 1. (MOVWF)
Message[302]: Register in operand not in bank 0.  Ensure that bank bits are correct.
010F   008D           00549 MOVWF   EEADR
Warning[206]: Found call to macro in column 1. (BANK3)
                      00550 BANK3
0110   1683               M             BSF     STATUS,RP0
0111   1703               M             BSF     STATUS,RP1
Warning[203]: Found opcode in column 1. (BCF)
Message[302]: Register in operand not in bank 0.  Ensure that bank bits are correct.
0112   138C           00551 BCF             EECON1,EEPGD
Warning[203]: Found opcode in column 1. (BSF)
Message[302]: Register in operand not in bank 0.  Ensure that bank bits are correct.
0113   140C           00552 BSF             EECON1,RD
Warning[206]: Found call to macro in column 1. (BANK2)
                      00553 BANK2
0114   1283               M             BCF     STATUS,RP0
0115   1703               M             BSF     STATUS,RP1
Warning[203]: Found opcode in column 1. (MOVF)
Message[302]: Register in operand not in bank 0.  Ensure that bank bits are correct.
0116   080C           00554 MOVF    EEDATA,W
Warning[203]: Found opcode in column 1. (RETURN)
0117   0008           00555 RETURN
                      00556 
0118                  00557 ESCREVE_EEPROM
Warning[206]: Found call to macro in column 1. (BANK3)
                      00558 BANK3
0118   1683               M             BSF     STATUS,RP0
0119   1703               M             BSF     STATUS,RP1
Warning[203]: Found opcode in column 1. (BTFSC)
Message[302]: Register in operand not in bank 0.  Ensure that bank bits are correct.
011A   188C           00559 BTFSC   EECON1,WR
Warning[203]: Found opcode in column 1. (GOTO)
MPASM  5.51                        BASICO.ASM   11-18-2019  16:47:50         PAGE 14


LOC  OBJECT CODE     LINE SOURCE TEXT
  VALUE

011B   2???           00560 GOTO    $-1
Warning[206]: Found call to macro in column 1. (BANK2)
                      00561 BANK2
011C   1283               M             BCF     STATUS,RP0
011D   1703               M             BSF     STATUS,RP1
Warning[203]: Found opcode in column 1. (MOVF)
011E   0839           00562 MOVF    ENDERECO,W
Warning[203]: Found opcode in column 1. (MOVWF)
Message[302]: Register in operand not in bank 0.  Ensure that bank bits are correct.
011F   008D           00563 MOVWF   EEADR
Warning[203]: Found opcode in column 1. (MOVF)
0120   0838           00564 MOVF    DADO,W
Warning[203]: Found opcode in column 1. (MOVWF)
Message[302]: Register in operand not in bank 0.  Ensure that bank bits are correct.
0121   008C           00565 MOVWF   EEDATA
Warning[206]: Found call to macro in column 1. (BANK3)
                      00566 BANK3
0122   1683               M             BSF     STATUS,RP0
0123   1703               M             BSF     STATUS,RP1
Warning[203]: Found opcode in column 1. (BCF)
Message[302]: Register in operand not in bank 0.  Ensure that bank bits are correct.
0124   138C           00567 BCF             EECON1,EEPGD
Warning[203]: Found opcode in column 1. (BSF)
Message[302]: Register in operand not in bank 0.  Ensure that bank bits are correct.
0125   150C           00568 BSF             EECON1,WREN
                      00569 ;BCF            INTCON,GIE
Warning[203]: Found opcode in column 1. (MOVLW)
0126   3055           00570 MOVLW   0X55
Warning[203]: Found opcode in column 1. (MOVWF)
Message[302]: Register in operand not in bank 0.  Ensure that bank bits are correct.
0127   008D           00571 MOVWF   EECON2
Warning[203]: Found opcode in column 1. (MOVLW)
0128   30AA           00572 MOVLW   0XAA
Warning[203]: Found opcode in column 1. (MOVWF)
Message[302]: Register in operand not in bank 0.  Ensure that bank bits are correct.
0129   008D           00573 MOVWF   EECON2
Warning[203]: Found opcode in column 1. (BSF)
Message[302]: Register in operand not in bank 0.  Ensure that bank bits are correct.
012A   148C           00574 BSF             EECON1,WR
                      00575 ;BCF            INTCON,GIE
Warning[203]: Found opcode in column 1. (BCF)
Message[302]: Register in operand not in bank 0.  Ensure that bank bits are correct.
012B   110C           00576 BCF             EECON1,WREN
                      00577 
                      00578 ;BTFSC  EECON1,WR
                      00579 ;GOTO   $-1
Warning[203]: Found opcode in column 1. (RETURN)
012C   0008           00580 RETURN
                      00581 
Warning[205]: Found directive in column 1. (END)
3F71                  00582 END
MPASM  5.51                        BASICO.ASM   11-18-2019  16:47:50         PAGE 15


SYMBOL TABLE
  LABEL                             VALUE 

A                                 0000003C
ACCaHI                            0000002D
ACCaLO                            0000002C
ACCbHI                            0000002F
ACCbLO                            0000002E
ACCcHI                            00000031
ACCcLO                            00000030
ACCdHI                            00000033
ACCdLO                            00000032
ACKDT                             00000005
ACKEN                             00000004
ACKSTAT                           00000006
ADCON0                            0000001F
ADCON1                            0000009F
ADCS0                             00000006
ADCS1                             00000007
ADCS2                             00000006
ADDEN                             00000003
ADFM                              00000007
ADIE                              00000006
ADIF                              00000006
ADON                              00000000
ADRESH                            0000001E
ADRESL                            0000009E
BANK0                             
BANK1                             
BANK2                             
BANK3                             
BCLIE                             00000003
BCLIF                             00000003
BF                                00000000
BOTAO1                            PORTB,2
BRGH                              00000002
C                                 00000000
C1INV                             00000004
C1OUT                             00000006
C2INV                             00000005
C2OUT                             00000007
CCP1CON                           00000017
CCP1IE                            00000002
CCP1IF                            00000002
CCP1M0                            00000000
CCP1M1                            00000001
CCP1M2                            00000002
CCP1M3                            00000003
CCP1X                             00000005
CCP1Y                             00000004
CCP2CON                           0000001D
CCP2IE                            00000000
CCP2IF                            00000000
CCP2M0                            00000000
CCP2M1                            00000001
CCP2M2                            00000002
MPASM  5.51                        BASICO.ASM   11-18-2019  16:47:50         PAGE 16


SYMBOL TABLE
  LABEL                             VALUE 

CCP2M3                            00000003
CCP2X                             00000005
CCP2Y                             00000004
CCPR1                             00000015
CCPR1H                            00000016
CCPR1L                            00000015
CCPR2                             0000001B
CCPR2H                            0000001C
CCPR2L                            0000001B
CHS0                              00000003
CHS1                              00000004
CHS2                              00000005
CIS                               00000003
CKE                               00000006
CKP                               00000004
CM0                               00000000
CM1                               00000001
CM2                               00000002
CMCON                             0000009C
CMIE                              00000006
CMIF                              00000006
COMP                              00000025
COMPARA_VALOR_10                  00000087
COMPARA_VALOR_150                 0000007D
COMP_2                            0000002B
CONSTANTE_1                       00000083
CONSTANTE_2                       0000007D
CONSTANTE_3                       0000000A
CONV_DISP                         0000008E
CONV_DISP_BCD                     0000009F
COUNT                             00000022
COUNT_SUB                         0000002A
CREN                              00000004
CSRC                              00000007
CVR0                              00000000
CVR1                              00000001
CVR2                              00000002
CVR3                              00000003
CVRCON                            0000009D
CVREN                             00000007
CVROE                             00000006
CVRR                              00000005
D                                 00000005
DADO                              00000038
DATA_ADDRESS                      00000005
DC                                00000001
DEBOUNCE_BT1                      00000021
DELAY                             000000AA
DELAY_1                           000000B0
DELAY_T                           000000C0
DELAY_TMR1                        000000B8
DIV                               000000D0
D_A                               00000005
MPASM  5.51                        BASICO.ASM   11-18-2019  16:47:50         PAGE 17


SYMBOL TABLE
  LABEL                             VALUE 

D_NOT_A                           00000005
D_divF                            000000C6
EEADR                             0000010D
EEADRH                            0000010F
EECON1                            0000018C
EECON2                            0000018D
EEDATA                            0000010C
EEDATH                            0000010E
EEIE                              00000004
EEIF                              00000004
EEPGD                             00000007
ENDERECO                          00000039
ESCREVE_EEPROM                    00000118
F                                 00000001
FERR                              00000002
FLAG                              00000020
FSR                               00000004
GCEN                              00000007
GERA_PARIDADE_PAR                 0000006D
GIE                               00000007
GO                                00000002
GO_DONE                           00000002
GO_NOT_DONE                       00000002
H_byte                            00000036
I2C_DATA                          00000005
I2C_READ                          00000002
I2C_START                         00000003
I2C_STOP                          00000004
IBF                               00000007
IBOV                              00000005
IGUAL                             00000086
IGUAL_1                           00000055
INDF                              00000000
INICIO                            00000024
INTCON                            0000000B
INTE                              00000004
INTEDG                            00000006
INTF                              00000001
IRP                               00000007
LED1                              PORTB,0
LED2                              PORTB,1
LE_EEPROM                         0000010D
LOOP                              00000072
L_byte                            00000037
MAIN                              0000004A
MAIOR                             00000085
MAIOR_1                           00000053
MENOR                             00000084
MENOR_1                           00000054
NOCHK                             000000DB
NOGO                              000000E3
NOT_A                             00000005
NOT_ADDRESS                       00000005
MPASM  5.51                        BASICO.ASM   11-18-2019  16:47:50         PAGE 18


SYMBOL TABLE
  LABEL                             VALUE 

NOT_BO                            00000000
NOT_BOR                           00000000
NOT_DONE                          00000002
NOT_PD                            00000003
NOT_POR                           00000001
NOT_RBPU                          00000007
NOT_RC8                           00000006
NOT_T1SYNC                        00000002
NOT_TO                            00000004
NOT_TX8                           00000006
NOT_W                             00000002
NOT_WRITE                         00000002
NUM_A                             00000028
NUM_B                             00000029
OBF                               00000006
OERR                              00000001
OPTION_REG                        00000081
P                                 00000004
PCFG0                             00000000
PCFG1                             00000001
PCFG2                             00000002
PCFG3                             00000003
PCL                               00000002
PCLATH                            0000000A
PCLATH_TEMP                       00000072
PCON                              0000008E
PEIE                              00000006
PEN                               00000002
PIE1                              0000008C
PIE2                              0000008D
PIR1                              0000000C
PIR2                              0000000D
PORTA                             00000005
PORTB                             00000006
PORTC                             00000007
PORTD                             00000008
PORTE                             00000009
PR2                               00000092
PS0                               00000000
PS1                               00000001
PS2                               00000002
PSA                               00000003
PSPIE                             00000007
PSPIF                             00000007
PSPMODE                           00000004
R                                 00000002
RA0                               00000000
RA1                               00000001
RA2                               00000002
RA3                               00000003
RA4                               00000004
RA5                               00000005
RB0                               00000000
MPASM  5.51                        BASICO.ASM   11-18-2019  16:47:50         PAGE 19


SYMBOL TABLE
  LABEL                             VALUE 

RB1                               00000001
RB2                               00000002
RB3                               00000003
RB4                               00000004
RB5                               00000005
RB6                               00000006
RB7                               00000007
RBIE                              00000003
RBIF                              00000000
RC0                               00000000
RC1                               00000001
RC2                               00000002
RC3                               00000003
RC4                               00000004
RC5                               00000005
RC6                               00000006
RC7                               00000007
RC8_9                             00000006
RC9                               00000006
RCD8                              00000000
RCEN                              00000003
RCIE                              00000005
RCIF                              00000005
RCREG                             0000001A
RCSTA                             00000018
RD                                00000000
RD0                               00000000
RD1                               00000001
RD2                               00000002
RD3                               00000003
RD4                               00000004
RD5                               00000005
RD6                               00000006
RD7                               00000007
RE0                               00000000
RE1                               00000001
RE2                               00000002
READ_WRITE                        00000002
RESGATA_REGS                      0000001C
RESULTADO_ALTO                    00000026
RESULTADO_BAIXO                   00000027
RESULT_9BITS                      0000006B
RESULT_NEGATIVO                   00000063
RESULT_POSITIVO                   0000005C
RESULT_ZERO                       0000005F
RP0                               00000005
RP1                               00000006
RSEN                              00000001
RX9                               00000006
RX9D                              00000000
R_NOT_W                           00000002
R_W                               00000002
S                                 00000003
MPASM  5.51                        BASICO.ASM   11-18-2019  16:47:50         PAGE 20


SYMBOL TABLE
  LABEL                             VALUE 

SALVA_REGS                        00000005
SEN                               00000000
SERIAL                            00000023
SMP                               00000007
SOMA_2_BYTES                      00000064
SPBRG                             00000099
SPEN                              00000007
SREN                              00000005
SSPADD                            00000093
SSPBUF                            00000013
SSPCON                            00000014
SSPCON2                           00000091
SSPEN                             00000005
SSPIE                             00000003
SSPIF                             00000003
SSPM0                             00000000
SSPM1                             00000001
SSPM2                             00000002
SSPM3                             00000003
SSPOV                             00000006
SSPSTAT                           00000094
STATUS                            00000003
STATUS_TEMP                       00000070
SUB_COMP_2                        00000056
SYNC                              00000004
T0CS                              00000005
T0IE                              00000005
T0IF                              00000002
T0SE                              00000004
T1CKPS0                           00000004
T1CKPS1                           00000005
T1CON                             00000010
T1INSYNC                          00000002
T1OSCEN                           00000003
T1SYNC                            00000002
T2CKPS0                           00000000
T2CKPS1                           00000001
T2CON                             00000012
TEMP                              00000024
TESTA_W                           00000079
TMR0                              00000001
TMR0IE                            00000005
TMR0IF                            00000002
TMR1                              0000000E
TMR1CS                            00000001
TMR1H                             0000000F
TMR1IE                            00000000
TMR1IF                            00000000
TMR1L                             0000000E
TMR1ON                            00000000
TMR2                              00000011
TMR2IE                            00000001
TMR2IF                            00000001
MPASM  5.51                        BASICO.ASM   11-18-2019  16:47:50         PAGE 21


SYMBOL TABLE
  LABEL                             VALUE 

TMR2ON                            00000002
TOUTPS0                           00000003
TOUTPS1                           00000004
TOUTPS2                           00000005
TOUTPS3                           00000006
TRATA_EEPROM                      0000001B
TRATA_TMR1                        00000012
TRISA                             00000085
TRISA0                            00000000
TRISA1                            00000001
TRISA2                            00000002
TRISA3                            00000003
TRISA4                            00000004
TRISA5                            00000005
TRISB                             00000086
TRISB0                            00000000
TRISB1                            00000001
TRISB2                            00000002
TRISB3                            00000003
TRISB4                            00000004
TRISB5                            00000005
TRISB6                            00000006
TRISB7                            00000007
TRISC                             00000087
TRISC0                            00000000
TRISC1                            00000001
TRISC2                            00000002
TRISC3                            00000003
TRISC4                            00000004
TRISC5                            00000005
TRISC6                            00000006
TRISC7                            00000007
TRISD                             00000088
TRISD0                            00000000
TRISD1                            00000001
TRISD2                            00000002
TRISD3                            00000003
TRISD4                            00000004
TRISD5                            00000005
TRISD6                            00000006
TRISD7                            00000007
TRISE                             00000089
TRISE0                            00000000
TRISE1                            00000001
TRISE2                            00000002
TRMT                              00000001
TX8_9                             00000006
TX9                               00000006
TX9D                              00000000
TXD8                              00000000
TXEN                              00000005
TXIE                              00000004
TXIF                              00000004
MPASM  5.51                        BASICO.ASM   11-18-2019  16:47:50         PAGE 22


SYMBOL TABLE
  LABEL                             VALUE 

TXREG                             00000019
TXSTA                             00000098
UA                                00000001
W                                 00000000
WCOL                              00000007
WR                                00000001
WREN                              00000002
WRERR                             00000003
W_TEMP                            00000071
Z                                 00000002
_.org_2_00B1                      000000B1
_.org_2_00C1                      000000C1
_.org_2_011B                      0000011B
_BODEN_OFF                        00003FBF
_BODEN_ON                         00003FFF
_BOREN_OFF                        00003FBF
_BOREN_ON                         00003FFF
_CONFIG                           00002007
_CPD_OFF                          00003FFF
_CPD_ON                           00003EFF
_CP_ALL                           00001FFF
_CP_OFF                           00003FFF
_CP_ON                            00001FFF
_DEBUG_OFF                        00003FFF
_DEBUG_ON                         000037FF
_DEVID1                           00002006
_FOSC_EXTRC                       00003FFF
_FOSC_HS                          00003FFE
_FOSC_LP                          00003FFC
_FOSC_XT                          00003FFD
_HS_OSC                           00003FFE
_IDLOC0                           00002000
_IDLOC1                           00002001
_IDLOC2                           00002002
_IDLOC3                           00002003
_LP_OSC                           00003FFC
_LVP_OFF                          00003F7F
_LVP_ON                           00003FFF
_PWRTE_OFF                        00003FFF
_PWRTE_ON                         00003FF7
_RC_OSC                           00003FFF
_WDTE_OFF                         00003FFB
_WDTE_ON                          00003FFF
_WDT_OFF                          00003FFB
_WDT_ON                           00003FFF
_WRT_1FOURTH                      00003BFF
_WRT_256                          00003DFF
_WRT_HALF                         000039FF
_WRT_OFF                          00003FFF
_XT_OSC                           00003FFD
__16F877A                         00000001
__DEBUG                           1
mpy_F                             000000E8
MPASM  5.51                        BASICO.ASM   11-18-2019  16:47:50         PAGE 23


SYMBOL TABLE
  LABEL                             VALUE 

mulcnd                            00000035
mulplr                            00000034
mult                              
n1                                0000003A
n2                                0000003B

Errors   :     0
Warnings :    70 reported,     0 suppressed
Messages :    21 reported,     0 suppressed

